
Verifying Model parameters
Verifying Demand parameters
Verifying Potential parameters
Verifying Allocation parameters

Executing Demand component
Executing Potential component
Executing Allocation component

Year: 2008	Step: 0
f	area: 137878	Difference: 0
d	area: 19982	Difference: 0
outros	area: 6489	Difference: 0
Region 1
f	elas: 	0.10000000002027	dir: 	-1	const: 	0.05266679	->	0.05266679	0	1
d	elas: 	0.10000000001401	dir: 	-1	const: 	0.01431553	->	0.01431553	0	1
outros	elas: 	0.10000016027163	dir: 	-1	const: 	0	->	0	0	1

Demand allocated correctly in 2008	Number of iterations: 0	Maximum error: 0.01040035000733
[harness] lab03: Lab03, anos 2008..2014, colunas f_out,d_out,outros_out,f_pot,d_pot,outros_pot

Executing Demand component
Executing Potential component
Executing Allocation component

Year: 2009	Step: 0
f	area: 137418	Difference: -204
d	area: 20334	Difference: 96
outros	area: 6489	Difference: 0
Region 1
f	elas: 	0.099851813713511	dir: 	-1	const: 	0.052648226568119	->	0.052648226568119	-1.8563431881255e-05	0.99998143656812
d	elas: 	0.0995264862247	dir: 	1	const: 	0.014443615865131	->	0.014443615865131	0.00012808586513093	1.0001280858651
outros	elas: 	0.10000016027163	dir: 	0	const: 	0.0	->	0.0	0.0	1.0

Demand allocated correctly in 2009	Number of iterations: 0	Maximum error: 203.9372570531

Executing Demand component
Executing Potential component
Executing Allocation component

Year: 2010	Step: 0
f	area: 137079	Difference: -287
d	area: 20673	Difference: 179
outros	area: 6489	Difference: 0
Region 1
f	elas: 	0.099791090223736	dir: 	-1	const: 	0.052629628612048	->	0.052629628612048	-1.8597956070319e-05	0.99998140204393
d	elas: 	0.099132190192513	dir: 	1	const: 	0.014570081884318	->	0.014570081884318	0.00012646601918755	1.0001264660192
outros	elas: 	0.10000016027163	dir: 	0	const: 	0.0	->	0.0	0.0	1.0

Demand allocated correctly in 2010	Number of iterations: 0	Maximum error: 286.971568782

Executing Demand component
Executing Potential component
Executing Allocation component

Year: 2011	Step: 0
f	area: 136752	Difference: -358
d	area: 21000	Difference: 250
outros	area: 6489	Difference: 0
Region 1
f	elas: 	0.099739024534728	dir: 	-1	const: 	0.052610995995854	->	0.052610995995854	-1.8632616194334e-05	0.99998136738381
d	elas: 	0.0988079001206	dir: 	1	const: 	0.014694968507161	->	0.014694968507161	0.00012488662284242	1.0001248866228
outros	elas: 	0.10000016027163	dir: 	0	const: 	0.0	->	0.0	0.0	1.0

Demand allocated correctly in 2011	Number of iterations: 0	Maximum error: 357.82429921019

Executing Demand component
Executing Potential component
Executing Allocation component

Year: 2012	Step: 0
f	area: 136436	Difference: -388
d	area: 21316	Difference: 280
outros	area: 6489	Difference: 0
Region 1
f	elas: 	0.099716648902286	dir: 	-1	const: 	0.052590163421247	->	0.052590163421247	-2.0832574607325e-05	0.99997916742539
d	elas: 	0.098684256490536	dir: 	1	const: 	0.014832621312254	->	0.014832621312254	0.00013765280509327	1.0001376528051
outros	elas: 	0.10000016027163	dir: 	0	const: 	0.0	->	0.0	0.0	1.0

Demand allocated correctly in 2012	Number of iterations: 0	Maximum error: 387.69424774163

Executing Demand component
Executing Potential component
Executing Allocation component

Year: 2013	Step: 0
f	area: 136131	Difference: -408
d	area: 21622	Difference: 300
outros	area: 6489	Difference: 0
Region 1
f	elas: 	0.099701765439119	dir: 	-1	const: 	0.052569287356422	->	0.052569287356422	-2.0876064825124e-05	0.99997912393517
d	elas: 	0.098610855076548	dir: 	1	const: 	0.014968405021323	->	0.014968405021323	0.00013578370906851	1.0001357837091
outros	elas: 	0.10000016027163	dir: 	0	const: 	0.0	->	0.0	0.0	1.0

Demand allocated correctly in 2013	Number of iterations: 0	Maximum error: 407.20663381234

Executing Demand component
Executing Potential component
Executing Allocation component

Year: 2014	Step: 0
f	area: 135836	Difference: -418
d	area: 21918	Difference: 310
outros	area: 6489	Difference: 0
Region 1
f	elas: 	0.09969381618728	dir: 	-1	const: 	0.052548367612094	->	0.052548367612094	-2.0919744327618e-05	0.99997908025567
d	elas: 	0.098582216155697	dir: 	1	const: 	0.015102369708185	->	0.015102369708185	0.00013396468686188	1.0001339646869
outros	elas: 	0.10000016027163	dir: 	0	const: 	0.0	->	0.0	0.0	1.0

Demand allocated correctly in 2014	Number of iterations: 0	Maximum error: 417.18589488399

Saving Lab03_2014.
Elapsed time: 00:00:05 hh:mm:ss

End of Simulation
[harness] lab03: 5 arquivos da saída original em /work/out/lab03
[harness] lab03: CSV gravado em /work/out/lab03
