
Verifying Model parameters
Verifying Demand parameters
Verifying Potential parameters
Verifying Allocation parameters

Executing Demand component
Executing Potential component
Executing Allocation component

Year: 2008	Step: 0
f Area: 137878	Difference: 0
d Area: 19982	Difference: 0
outros Area: 6489	Difference: 0

Demand allocated correctly in 2008.	Number of iterations: 0	Maximum error: 2.7950358344242e-05
[harness] lab08: Lab08, anos 2008..2014, colunas f_out,d_out,outros_out,f_pot,d_pot,outros_pot

Executing Demand component
Executing Potential component
Executing Allocation component

Year: 2009	Step: 0
f Area: 137418	Difference: -204
d Area: 20308	Difference: 69
outros Area: 6489	Difference: 0

Demand allocated correctly in 2009.	Number of iterations: 0	Maximum error: 203.93726380312

Executing Demand component
Executing Potential component
Executing Allocation component

Year: 2010	Step: 0
f Area: 137105	Difference: -262
d Area: 20621	Difference: 127
outros Area: 6489	Difference: 0

Demand allocated correctly in 2010.	Number of iterations: 0	Maximum error: 261.08765562368

Executing Demand component
Executing Potential component
Executing Allocation component

Year: 2011	Step: 0
f Area: 136804	Difference: -307
d Area: 20922	Difference: 172
outros Area: 6489	Difference: 0

Demand allocated correctly in 2011.	Number of iterations: 0	Maximum error: 306.29600932394

Executing Demand component
Executing Potential component
Executing Allocation component

Year: 2012	Step: 0
f Area: 136513	Difference: -311
d Area: 21212	Difference: 176
outros Area: 6489	Difference: 0

Demand allocated correctly in 2012.	Number of iterations: 0	Maximum error: 310.76256927624

Executing Demand component
Executing Potential component
Executing Allocation component

Year: 2013	Step: 0
f Area: 136234	Difference: -306
d Area: 21493	Difference: 171
outros Area: 6489	Difference: 0

Demand allocated correctly in 2013.	Number of iterations: 0	Maximum error: 305.03383961332

Executing Demand component
Executing Potential component
Executing Allocation component

Year: 2014	Step: 0
f Area: 135963	Difference: -290
d Area: 21763	Difference: 156
outros Area: 6489	Difference: 0

Demand allocated correctly in 2014.	Number of iterations: 0	Maximum error: 289.92231064648

Saving Lab08_2014.
Elapsed time: 00:00:05 hh:mm:ss

End of Simulation
[harness] lab08: CSV + 5 arquivos da saída original em /work/out/lab08
